[1;38;5;39mTask Details[m                                                                                
                                                                                            
[1;38;5;39mTask T-0001: Implement auth middleware[m                                                      
                                                                                            
Status:    [ ]                                                                              
Assigned:  @alice                                                                           
Reference: task://hop-top/tlc/T-0001                                                        
Tags:      auth, backend                                                                    
                                                                                            
                                                                                            
                                                                                            
                                                                                            
                                                                                            
                                                                                            
                                                                                            
                                                                                            
                                                                                            
                                                                                            
                                                                                            
                                                                                            
                                                                                            
                                                                                            
                                                                                            
[38;5;241m[j/k] navigate  [c/u] claim/unclaim  [s] status  [o] sort dir  [esc] back  [r]efresh  [q]uit[m