[1;38;5;39mKanban Board[m                                                                    
                                                                                
[1;38;5;39mKanban Board[m                                                                    
                                                                                
        [1;38;5;245mTODO (1)[m              [1;38;5;245mIN_PROGRESS (1)[m             [1;38;5;245mDONE (1)[m              
                                                                                
[38;5;39m╭─────────────────────╮[m  [38;5;240m╭─────────────────────╮[m  [38;5;240m╭─────────────────────╮[m       
[38;5;39m│[m[1mT-0001[m               [38;5;39m│[m  [38;5;240m│[mT-0002               [38;5;240m│[m  [38;5;240m│[mT-0003               [38;5;240m│[m       
[38;5;39m│[m[1mImplement auth[m       [38;5;39m│[m  [38;5;240m│[mRefactor task list   [38;5;240m│[m  [38;5;240m│[mAdd golden snapshot  [38;5;240m│[m       
[38;5;39m│[m[1mmiddleware[m           [38;5;39m│[m  [38;5;240m╰─────────────────────╯[m  [38;5;240m│[mtests                [38;5;240m│[m       
[38;5;39m╰─────────────────────╯[m                           [38;5;240m╰─────────────────────╯[m       
                                                                                
                                                                                
                                                                                
                                                                                
                                                                                
                                                                                
                                                                                
                                                                                
                                                                                
                                                                                
[38;5;241m[j/k] navigate  [h/l] move  [v] cycle view  [enter] details  [r]efresh  [q]uit[m  